
200000 entries to be processed...
5020000 entries to be processed...
                         : Booking "BDTG" of type "CrossValidation" from BDT_run2/weights/TMVACrossValidation_BDTG.weights.xml.
                         : Reading weight file: BDT_run2/weights/TMVACrossValidation_BDTG.weights.xml
<HEADER> DataSetInfo              : [Default] : Added class "Signal"
<HEADER> DataSetInfo              : [Default] : Added class "Background"
                         : Reading weightfile: BDT_run2/weights/TMVACrossValidation_BDTG_fold1.weights.xml
                         : Reading weight file: BDT_run2/weights/TMVACrossValidation_BDTG_fold1.weights.xml
                         : Reading weightfile: BDT_run2/weights/TMVACrossValidation_BDTG_fold2.weights.xml
                         : Reading weight file: BDT_run2/weights/TMVACrossValidation_BDTG_fold2.weights.xml
                         : Reading weightfile: BDT_run2/weights/TMVACrossValidation_BDTG_fold3.weights.xml
                         : Reading weight file: BDT_run2/weights/TMVACrossValidation_BDTG_fold3.weights.xml
                         : Reading weightfile: BDT_run2/weights/TMVACrossValidation_BDTG_fold4.weights.xml
                         : Reading weight file: BDT_run2/weights/TMVACrossValidation_BDTG_fold4.weights.xml
                         : Reading weightfile: BDT_run2/weights/TMVACrossValidation_BDTG_fold5.weights.xml
                         : Reading weight file: BDT_run2/weights/TMVACrossValidation_BDTG_fold5.weights.xml
                         : Booked classifier "BDTG" of type: "CrossValidation"
                         : Booking "BDTG" of type "CrossValidation" from BDT_run3/weights/TMVACrossValidation_BDTG.weights.xml.
                         : Reading weight file: BDT_run3/weights/TMVACrossValidation_BDTG.weights.xml
<HEADER> DataSetInfo              : [Default] : Added class "Signal"
<HEADER> DataSetInfo              : [Default] : Added class "Background"
                         : Reading weightfile: BDT_run3/weights/TMVACrossValidation_BDTG_fold1.weights.xml
                         : Reading weight file: BDT_run3/weights/TMVACrossValidation_BDTG_fold1.weights.xml
                         : Reading weightfile: BDT_run3/weights/TMVACrossValidation_BDTG_fold2.weights.xml
                         : Reading weight file: BDT_run3/weights/TMVACrossValidation_BDTG_fold2.weights.xml
                         : Reading weightfile: BDT_run3/weights/TMVACrossValidation_BDTG_fold3.weights.xml
                         : Reading weight file: BDT_run3/weights/TMVACrossValidation_BDTG_fold3.weights.xml
                         : Reading weightfile: BDT_run3/weights/TMVACrossValidation_BDTG_fold4.weights.xml
                         : Reading weight file: BDT_run3/weights/TMVACrossValidation_BDTG_fold4.weights.xml
                         : Reading weightfile: BDT_run3/weights/TMVACrossValidation_BDTG_fold5.weights.xml
                         : Reading weight file: BDT_run3/weights/TMVACrossValidation_BDTG_fold5.weights.xml
                         : Booked classifier "BDTG" of type: "CrossValidation"
254288 entries to be processed...
                         : Rebuilding Dataset Default
 Fiducial: 23610.89, 10232.54
Filter(1): 6805.84, 2863.12
Filter(2): 1935445.88, 828212.44
  anaCode: 74937.45, 32265.78
   presel: 17903.83, 7649.59
   trigWt: 15042.90, 6430.44
     PuWt: 15295.56, 6591.78
   muIDWt: 15034.77, 6478.02
recoCorWt: 15306.45, 6647.74
      BDT: 14477.77, 6226.64
   trigSF: 14415.49, 6209.17
