
100000 entries to be processed...
1140000 entries to be processed...
                         : Booking "BDTG" of type "CrossValidation" from BDT_run2/weights/TMVACrossValidation_BDTG.weights.xml.
                         : Reading weight file: BDT_run2/weights/TMVACrossValidation_BDTG.weights.xml
<HEADER> DataSetInfo              : [Default] : Added class "Signal"
<HEADER> DataSetInfo              : [Default] : Added class "Background"
                         : Reading weightfile: BDT_run2/weights/TMVACrossValidation_BDTG_fold1.weights.xml
                         : Reading weight file: BDT_run2/weights/TMVACrossValidation_BDTG_fold1.weights.xml
                         : Reading weightfile: BDT_run2/weights/TMVACrossValidation_BDTG_fold2.weights.xml
                         : Reading weight file: BDT_run2/weights/TMVACrossValidation_BDTG_fold2.weights.xml
                         : Reading weightfile: BDT_run2/weights/TMVACrossValidation_BDTG_fold3.weights.xml
                         : Reading weight file: BDT_run2/weights/TMVACrossValidation_BDTG_fold3.weights.xml
                         : Reading weightfile: BDT_run2/weights/TMVACrossValidation_BDTG_fold4.weights.xml
                         : Reading weight file: BDT_run2/weights/TMVACrossValidation_BDTG_fold4.weights.xml
                         : Reading weightfile: BDT_run2/weights/TMVACrossValidation_BDTG_fold5.weights.xml
                         : Reading weight file: BDT_run2/weights/TMVACrossValidation_BDTG_fold5.weights.xml
                         : Booked classifier "BDTG" of type: "CrossValidation"
                         : Booking "BDTG" of type "CrossValidation" from BDT_run3/weights/TMVACrossValidation_BDTG.weights.xml.
                         : Reading weight file: BDT_run3/weights/TMVACrossValidation_BDTG.weights.xml
<HEADER> DataSetInfo              : [Default] : Added class "Signal"
<HEADER> DataSetInfo              : [Default] : Added class "Background"
                         : Reading weightfile: BDT_run3/weights/TMVACrossValidation_BDTG_fold1.weights.xml
                         : Reading weight file: BDT_run3/weights/TMVACrossValidation_BDTG_fold1.weights.xml
                         : Reading weightfile: BDT_run3/weights/TMVACrossValidation_BDTG_fold2.weights.xml
                         : Reading weight file: BDT_run3/weights/TMVACrossValidation_BDTG_fold2.weights.xml
                         : Reading weightfile: BDT_run3/weights/TMVACrossValidation_BDTG_fold3.weights.xml
                         : Reading weight file: BDT_run3/weights/TMVACrossValidation_BDTG_fold3.weights.xml
                         : Reading weightfile: BDT_run3/weights/TMVACrossValidation_BDTG_fold4.weights.xml
                         : Reading weight file: BDT_run3/weights/TMVACrossValidation_BDTG_fold4.weights.xml
                         : Reading weightfile: BDT_run3/weights/TMVACrossValidation_BDTG_fold5.weights.xml
                         : Reading weight file: BDT_run3/weights/TMVACrossValidation_BDTG_fold5.weights.xml
                         : Booked classifier "BDTG" of type: "CrossValidation"
59543 entries to be processed...
                         : Rebuilding Dataset Default
 Fiducial: 16565.37
Filter(1): 4574.00
Filter(2): 598129.38
  anaCode: 22286.43
   presel: 5906.50
   trigWt: 4825.25
     PuWt: 4878.75
   muIDWt: 4934.52
recoCorWt: 4769.43
      BDT: 4490.89
   trigSF: 4214.56
