
200000 entries to be processed...
3940000 entries to be processed...
                         : Booking "BDTG" of type "CrossValidation" from BDT_run2/weights/TMVACrossValidation_BDTG.weights.xml.
                         : Reading weight file: BDT_run2/weights/TMVACrossValidation_BDTG.weights.xml
<HEADER> DataSetInfo              : [Default] : Added class "Signal"
<HEADER> DataSetInfo              : [Default] : Added class "Background"
                         : Reading weightfile: BDT_run2/weights/TMVACrossValidation_BDTG_fold1.weights.xml
                         : Reading weight file: BDT_run2/weights/TMVACrossValidation_BDTG_fold1.weights.xml
                         : Reading weightfile: BDT_run2/weights/TMVACrossValidation_BDTG_fold2.weights.xml
                         : Reading weight file: BDT_run2/weights/TMVACrossValidation_BDTG_fold2.weights.xml
                         : Reading weightfile: BDT_run2/weights/TMVACrossValidation_BDTG_fold3.weights.xml
                         : Reading weight file: BDT_run2/weights/TMVACrossValidation_BDTG_fold3.weights.xml
                         : Reading weightfile: BDT_run2/weights/TMVACrossValidation_BDTG_fold4.weights.xml
                         : Reading weight file: BDT_run2/weights/TMVACrossValidation_BDTG_fold4.weights.xml
                         : Reading weightfile: BDT_run2/weights/TMVACrossValidation_BDTG_fold5.weights.xml
                         : Reading weight file: BDT_run2/weights/TMVACrossValidation_BDTG_fold5.weights.xml
                         : Booked classifier "BDTG" of type: "CrossValidation"
                         : Booking "BDTG" of type "CrossValidation" from BDT_run3/weights/TMVACrossValidation_BDTG.weights.xml.
                         : Reading weight file: BDT_run3/weights/TMVACrossValidation_BDTG.weights.xml
<HEADER> DataSetInfo              : [Default] : Added class "Signal"
<HEADER> DataSetInfo              : [Default] : Added class "Background"
                         : Reading weightfile: BDT_run3/weights/TMVACrossValidation_BDTG_fold1.weights.xml
                         : Reading weight file: BDT_run3/weights/TMVACrossValidation_BDTG_fold1.weights.xml
                         : Reading weightfile: BDT_run3/weights/TMVACrossValidation_BDTG_fold2.weights.xml
                         : Reading weight file: BDT_run3/weights/TMVACrossValidation_BDTG_fold2.weights.xml
                         : Reading weightfile: BDT_run3/weights/TMVACrossValidation_BDTG_fold3.weights.xml
                         : Reading weight file: BDT_run3/weights/TMVACrossValidation_BDTG_fold3.weights.xml
                         : Reading weightfile: BDT_run3/weights/TMVACrossValidation_BDTG_fold4.weights.xml
                         : Reading weight file: BDT_run3/weights/TMVACrossValidation_BDTG_fold4.weights.xml
                         : Reading weightfile: BDT_run3/weights/TMVACrossValidation_BDTG_fold5.weights.xml
                         : Reading weight file: BDT_run3/weights/TMVACrossValidation_BDTG_fold5.weights.xml
                         : Booked classifier "BDTG" of type: "CrossValidation"
207600 entries to be processed...
                         : Rebuilding Dataset Default
 Fiducial: 23246.23, 9668.44
Filter(1): 6430.00, 2731.94
Filter(2): 1444789.38, 618564.12
  anaCode: 55362.69, 23504.99
   presel: 15078.15, 6325.59
   trigWt: 12124.72, 5113.65
     PuWt: 12213.46, 5163.51
   muIDWt: 12412.40, 5247.14
recoCorWt: 12284.22, 5110.92
      BDT: 11556.21, 4813.02
   trigSF: 10797.65, 4479.13
